Loading checkpoint...
[OK] Found model_state_dict with 638
  modelELA prefix: True
  modelRGB prefix: True

>>> ATTEMPTING 2-STREAM LOADING...
Creating ELResWrapper...
Loading state_dict...
[FAIL] Failed: RuntimeError: Error(s) in loading state_dict for ELResWrapper:
	size mismatch for modelELA.layer1.0.conv1.weight: copying a param with shape torch.Size([128, 64, 1, 1]) from checkpoint, the shape in current model is torch.Size([64, 64, 1, 1]).
	size mismatch for modelELA.layer1.0.bn1.weight: copying a param with shape torch.Size([128]) from checkpoint, the shape in current model is torch.Size([64]).
	size mismatch for modelELA.layer1.0.bn1.bias: copying a param with shape torch.Size([128]) from checkpoint, the shape in current model is torch.Size([64]).
	size mismatch for modelELA.layer1.0.bn1.running_mean: copying a param with shape torch.Size([128]) from checkpoint, the shape in current model is torch.Size([64]).
	size mismatch for modelELA.layer1.0.bn1.running_var: copying a param with shape torch.Size([128]) from checkpoint, the shape in current model is torch.Size([64]).
	size mismatch for modelELA.layer1.0.conv2.weight: copying a param with shape torch.Size([128, 4, 3, 3]) from checkpoint, the shape in current model is torch.Size([64, 64, 3, 3]).
	size mismatch for modelELA.layer1.0.bn2.weight: copying a param with shape torch.Size([128]) from checkpoint, the shape in current model is torch.Size([64]).
	size mismatch for modelELA.layer1.0.bn2.bias: copying a param with shape torch.Size([128]) from checkpoint, the shape in current model is torch.Size([64]).
	size mismatch for modelELA.layer1.0.bn2.running_mean: copying a param with shape torch.Size([128]) from checkpoint, the shape in current model is torch.Size([64]).
	size mismatch for modelELA.layer1.0.bn2.running_var: copying a param with shape torch.Size([128]) from checkpoint, the shape in current model is torch.Size([64]).
	size mismatch for modelELA.layer1.0.conv3.weight: copying a param with shape torch.Size([256, 128, 1, 1]) from checkpoint, the shape in current model is torch.Size([256, 64, 1, 1]).
	size mismatch for modelELA.layer1.1.conv1.weight: copying a param with shape torch.Size([128, 256, 1, 1]) from checkpoint, the shape in current model is torch.Size([64, 256, 1, 1]).
	size mismatch for modelELA.layer1.1.bn1.weight: copying a param with shape torch.Size([128]) from checkpoint, the shape in current model is torch.Size([64]).
	size mismatch for modelELA.layer1.1.bn1.bias: copying a param with shape torch.Size([128]) from checkpoint, the shape in current model is torch.Size([64]).
	size mismatch for modelELA.layer1.1.bn1.running_mean: copying a param with shape torch.Size([128]) from checkpoint, the shape in current model is torch.Size([64]).
	size mismatch for modelELA.layer1.1.bn1.running_var: copying a param with shape torch.Size([128]) from checkpoint, the shape in current model is torch.Size([64]).
	size mismatch for modelELA.layer1.1.conv2.weight: copying a param with shape torch.Size([128, 4, 3, 3]) from checkpoint, the shape in current model is torch.Size([64, 64, 3, 3]).
	size mismatch for modelELA.layer1.1.bn2.weight: copying a param with shape torch.Size([128]) from checkpoint, the shape in current model is torch.Size([64]).
	size mismatch for modelELA.layer1.1.bn2.bias: copying a param with shape torch.Size([128]) from checkpoint, the shape in current model is torch.Size([64]).
	size mismatch for modelELA.layer1.1.bn2.running_mean: copying a param with shape torch.Size([128]) from checkpoint, the shape in current model is torch.Size([64]).
	size mismatch for modelELA.layer1.1.bn2.running_var: copying a param with shape torch.Size([128]) from checkpoint, the shape in current model is torch.Size([64]).
	size mismatch for modelELA.layer1.1.conv3.weight: copying a param with shape torch.Size([256, 128, 1, 1]) from checkpoint, the shape in current model is torch.Size([256, 64, 1, 1]).
	size mismatch for modelELA.layer1.2.conv1.weight: copying a param with shape torch.Size([128, 256, 1, 1]) from checkpoint, the shape in current model is torch.Size([64, 256, 1, 1]).
	size mismatch for modelELA.layer1.2.bn1.weight: copying a param with shape torch.Size([128]) from checkpoint, the shape in current model is torch.Size([64]).
	size mismatch for modelELA.layer1.2.bn1.bias: copying a param with shape torch.Size([128]) from checkpoint, the shape in current model is torch.Size([64]).
	size mismatch for modelELA.layer1.2.bn1.running_mean: copying a param with shape torch.Size([128]) from checkpoint, the shape in current model is torch.Size([64]).
	size mismatch for modelELA.layer1.2.bn1.running_var: copying a param with shape torch.Size([128]) from checkpoint, the shape in current model is torch.Size([64]).
	size mismatch for modelELA.layer1.2.conv2.weight: copying a param with shape torch.Size([128, 4, 3, 3]) from checkpoint, the shape in current model is torch.Size([64, 64, 3, 3]).
	size mismatch for modelELA.layer1.2.bn2.weight: copying a param with shape torch.Size([128]) from checkpoint, the shape in current model is torch.Size([64]).
	size mismatch for modelELA.layer1.2.bn2.bias: copying a param with shape torch.Size([128]) from checkpoint, the shape in current model is torch.Size([64]).
	size mismatch for modelELA.layer1.2.bn2.running_mean: copying a param with shape torch.Size([128]) from checkpoint, the shape in current model is torch.Size([64]).
	size mismatch for modelELA.layer1.2.bn2.running_var: copying a param with shape torch.Size([128]) from checkpoint, the shape in current model is torch.Size([64]).
	size mismatch for modelELA.layer1.2.conv3.weight: copying a param with shape torch.Size([256, 128, 1, 1]) from checkpoint, the shape in current model is torch.Size([256, 64, 1, 1]).
	size mismatch for modelELA.layer2.0.conv1.weight: copying a param with shape torch.Size([256, 256, 1, 1]) from checkpoint, the shape in current model is torch.Size([128, 256, 1, 1]).
	size mismatch for modelELA.layer2.0.bn1.weight: copying a param with shape torch.Size([256]) from checkpoint, the shape in current model is torch.Size([128]).
	size mismatch for modelELA.layer2.0.bn1.bias: copying a param with shape torch.Size([256]) from checkpoint, the shape in current model is torch.Size([128]).
	size mismatch for modelELA.layer2.0.bn1.running_mean: copying a param with shape torch.Size([256]) from checkpoint, the shape in current model is torch.Size([128]).
	size mismatch for modelELA.layer2.0.bn1.running_var: copying a param with shape torch.Size([256]) from checkpoint, the shape in current model is torch.Size([128]).
	size mismatch for modelELA.layer2.0.conv2.weight: copying a param with shape torch.Size([256, 8, 3, 3]) from checkpoint, the shape in current model is torch.Size([128, 128, 3, 3]).
	size mismatch for modelELA.layer2.0.bn2.weight: copying a param with shape torch.Size([256]) from checkpoint, the shape in current model is torch.Size([128]).
	size mismatch for modelELA.layer2.0.bn2.bias: copying a param with shape torch.Size([256]) from checkpoint, the shape in current model is torch.Size([128]).
	size mismatch for modelELA.layer2.0.bn2.running_mean: copying a param with shape torch.Size([256]) from checkpoint, the shape in current model is torch.Size([128]).
	size mismatch for modelELA.layer2.0.bn2.running_var: copying a param with shape torch.Size([256]) from checkpoint, the shape in current model is torch.Size([128]).
	size mismatch for modelELA.layer2.0.conv3.weight: copying a param with shape torch.Size([512, 256, 1, 1]) from checkpoint, the shape in current model is torch.Size([512, 128, 1, 1]).
	size mismatch for modelELA.layer2.1.conv1.weight: copying a param with shape torch.Size([256, 512, 1, 1]) from checkpoint, the shape in current model is torch.Size([128, 512, 1, 1]).
	size mismatch for modelELA.layer2.1.bn1.weight: copying a param with shape torch.Size([256]) from checkpoint, the shape in current model is torch.Size([128]).
	size mismatch for modelELA.layer2.1.bn1.bias: copying a param with shape torch.Size([256]) from checkpoint, the shape in current model is torch.Size([128]).
	size mismatch for modelELA.layer2.1.bn1.running_mean: copying a param with shape torch.Size([256]) from checkpoint, the shape in current model is torch.Size([128]).
	size mismatch for modelELA.layer2.1.bn1.running_var: copying a param with shape torch.Size([256]) from checkpoint, the shape in current model is torch.Size([128]).
	size mismatch for modelELA.layer2.1.conv2.weight: copying a param with shape torch.Size([256, 8, 3, 3]) from checkpoint, the shape in current model is torch.Size([128, 128, 3, 3]).
	size mismatch for modelELA.layer2.1.bn2.weight: copying a param with shape torch.Size([256]) from checkpoint, the shape in current model is torch.Size([128]).
	size mismatch for modelELA.layer2.1.bn2.bias: copying a param with shape torch.Size([256]) from checkpoint, the shape in current model is torch.Size([128]).
	size mismatch for modelELA.layer2.1.bn2.running_mean: copying a param with shape torch.Size([256]) from checkpoint, the shape in current model is torch.Size([128]).
	size mismatch for modelELA.layer2.1.bn2.running_var: copying a param with shape torch.Size([256]) from checkpoint, the shape in current model is torch.Size([128]).
	size mismatch for modelELA.layer2.1.conv3.weight: copying a param with shape torch.Size([512, 256, 1, 1]) from checkpoint, the shape in current model is torch.Size([512, 128, 1, 1]).
	size mismatch for modelELA.layer2.2.conv1.weight: copying a param with shape torch.Size([256, 512, 1, 1]) from checkpoint, the shape in current model is torch.Size([128, 512, 1, 1]).
	size mismatch for modelELA.layer2.2.bn1.weight: copying a param with shape torch.Size([256]) from checkpoint, the shape in current model is torch.Size([128]).
	size mismatch for modelELA.layer2.2.bn1.bias: copying a param with shape torch.Size([256]) from checkpoint, the shape in current model is torch.Size([128]).
	size mismatch for modelELA.layer2.2.bn1.running_mean: copying a param with shape torch.Size([256]) from checkpoint, the shape in current model is torch.Size([128]).
	size mismatch for modelELA.layer2.2.bn1.running_var: copying a param with shape torch.Size([256]) from checkpoint, the shape in current model is torch.Size([128]).
	size mismatch for modelELA.layer2.2.conv2.weight: copying a param with shape torch.Size([256, 8, 3, 3]) from checkpoint, the shape in current model is torch.Size([128, 128, 3, 3]).
	size mismatch for modelELA.layer2.2.bn2.weight: copying a param with shape torch.Size([256]) from checkpoint, the shape in current model is torch.Size([128]).
	size mismatch for modelELA.layer2.2.bn2.bias: copying a param with shape torch.Size([256]) from checkpoint, the shape in current model is torch.Size([128]).
	size mismatch for modelELA.layer2.2.bn2.running_mean: copying a param with shape torch.Size([256]) from checkpoint, the shape in current model is torch.Size([128]).
	size mismatch for modelELA.layer2.2.bn2.running_var: copying a param with shape torch.Size([256]) from checkpoint, the shape in current model is torch.Size([128]).
	size mismatch for modelELA.layer2.2.conv3.weight: copying a param with shape torch.Size([512, 256, 1, 1]) from checkpoint, the shape in current model is torch.Size([512, 128, 1, 1]).
	size mismatch for modelELA.layer2.3.conv1.weight: copying a param with shape torch.Size([256, 512, 1, 1]) from checkpoint, the shape in current model is torch.Size([128, 512, 1, 1]).
	size mismatch for modelELA.layer2.3.bn1.weight: copying a param with shape torch.Size([256]) from checkpoint, the shape in current model is torch.Size([128]).
	size mismatch for modelELA.layer2.3.bn1.bias: copying a param with shape torch.Size([256]) from checkpoint, the shape in current model is torch.Size([128]).
	size mismatch for modelELA.layer2.3.bn1.running_mean: copying a param with shape torch.Size([256]) from checkpoint, the shape in current model is torch.Size([128]).
	size mismatch for modelELA.layer2.3.bn1.running_var: copying a param with shape torch.Size([256]) from checkpoint, the shape in current model is torch.Size([128]).
	size mismatch for modelELA.layer2.3.conv2.weight: copying a param with shape torch.Size([256, 8, 3, 3]) from checkpoint, the shape in current model is torch.Size([128, 128, 3, 3]).
	size mismatch for modelELA.layer2.3.bn2.weight: copying a param with shape torch.Size([256]) from checkpoint, the shape in current model is torch.Size([128]).
	size mismatch for modelELA.layer2.3.bn2.bias: copying a param with shape torch.Size([256]) from checkpoint, the shape in current model is torch.Size([128]).
	size mismatch for modelELA.layer2.3.bn2.running_mean: copying a param with shape torch.Size([256]) from checkpoint, the shape in current model is torch.Size([128]).
	size mismatch for modelELA.layer2.3.bn2.running_var: copying a param with shape torch.Size([256]) from checkpoint, the shape in current model is torch.Size([128]).
	size mismatch for modelELA.layer2.3.conv3.weight: copying a param with shape torch.Size([512, 256, 1, 1]) from checkpoint, the shape in current model is torch.Size([512, 128, 1, 1]).
	size mismatch for modelELA.layer3.0.conv1.weight: copying a param with shape torch.Size([512, 512, 1, 1]) from checkpoint, the shape in current model is torch.Size([256, 512, 1, 1]).
	size mismatch for modelELA.layer3.0.bn1.weight: copying a param with shape torch.Size([512]) from checkpoint, the shape in current model is torch.Size([256]).
	size mismatch for modelELA.layer3.0.bn1.bias: copying a param with shape torch.Size([512]) from checkpoint, the shape in current model is torch.Size([256]).
	size mismatch for modelELA.layer3.0.bn1.running_mean: copying a param with shape torch.Size([512]) from checkpoint, the shape in current model is torch.Size([256]).
	size mismatch for modelELA.layer3.0.bn1.running_var: copying a param with shape torch.Size([512]) from checkpoint, the shape in current model is torch.Size([256]).
	size mismatch for modelELA.layer3.0.conv2.weight: copying a param with shape torch.Size([512, 16, 3, 3]) from checkpoint, the shape in current model is torch.Size([256, 256, 3, 3]).
	size mismatch for modelELA.layer3.0.bn2.weight: copying a param with shape torch.Size([512]) from checkpoint, the shape in current model is torch.Size([256]).
	size mismatch for modelELA.layer3.0.bn2.bias: copying a param with shape torch.Size([512]) from checkpoint, the shape in current model is torch.Size([256]).
	size mismatch for modelELA.layer3.0.bn2.running_mean: copying a param with shape torch.Size([512]) from checkpoint, the shape in current model is torch.Size([256]).
	size mismatch for modelELA.layer3.0.bn2.running_var: copying a param with shape torch.Size([512]) from checkpoint, the shape in current model is torch.Size([256]).
	size mismatch for modelELA.layer3.0.conv3.weight: copying a param with shape torch.Size([1024, 512, 1, 1]) from checkpoint, the shape in current model is torch.Size([1024, 256, 1, 1]).
	size mismatch for modelELA.layer3.1.conv1.weight: copying a param with shape torch.Size([512, 1024, 1, 1]) from checkpoint, the shape in current model is torch.Size([256, 1024, 1, 1]).
	size mismatch for modelELA.layer3.1.bn1.weight: copying a param with shape torch.Size([512]) from checkpoint, the shape in current model is torch.Size([256]).
	size mismatch for modelELA.layer3.1.bn1.bias: copying a param with shape torch.Size([512]) from checkpoint, the shape in current model is torch.Size([256]).
	size mismatch for modelELA.layer3.1.bn1.running_mean: copying a param with shape torch.Size([512]) from checkpoint, the shape in current model is torch.Size([256]).
	size mismatch for modelELA.layer3.1.bn1.running_var: copying a param with shape torch.Size([512]) from checkpoint, the shape in current model is torch.Size([256]).
	size mismatch for modelELA.layer3.1.conv2.weight: copying a param with shape torch.Size([512, 16, 3, 3]) from checkpoint, the shape in current model is torch.Size([256, 256, 3, 3]).
	size mismatch for modelELA.layer3.1.bn2.weight: copying a param with shape torch.Size([512]) from checkpoint, the shape in current model is torch.Size([256]).
	size mismatch for modelELA.layer3.1.bn2.bias: copying a param with shape torch.Size([512]) from checkpoint, the shape in current model is torch.Size([256]).
	size mismatch for modelELA.layer3.1.bn2.running_mean: copying a param with shape torch.Size([512]) from checkpoint, the shape in current model is torch.Size([256]).
	size mismatch for modelELA.layer3.1.bn2.running_var: copying a param with shape torch.Size([512]) from checkpoint, the shape in current model is torch.Size([256]).
	size mismatch for modelELA.layer3.1.conv3.weight: copying a param with shape torch.Size([1024, 512, 1, 1]) from checkpoint, the shape in current model is torch.Size([1024, 256, 1, 1]).
	size mismatch for modelELA.layer3.2.conv1.weight: copying a param with shape torch.Size([512, 1024, 1, 1]) from checkpoint, the shape in current model is torch.Size([256, 1024, 1, 1]).
	size mismatch for modelELA.layer3.2.bn1.weight: copying a param with shape torch.Size([512]) from checkpoint, the shape in current model is torch.Size([256]).
	size mismatch for modelELA.layer3.2.bn1.bias: copying a param with shape torch.Size([512]) from checkpoint, the shape in current model is torch.Size([256]).
	size mismatch for modelELA.layer3.2.bn1.running_mean: copying a param with shape torch.Size([512]) from checkpoint, the shape in current model is torch.Size([256]).
	size mismatch for modelELA.layer3.2.bn1.running_var: copying a param with shape torch.Size([512]) from checkpoint, the shape in current model is torch.Size([256]).
	size mismatch for modelELA.layer3.2.conv2.weight: copying a param with shape torch.Size([512, 16, 3, 3]) from checkpoint, the shape in current model is torch.Size([256, 256, 3, 3]).
	size mismatch for modelELA.layer3.2.bn2.weight: copying a param with shape torch.Size([512]) from checkpoint, the shape in current model is torch.Size([256]).
	size mismatch for modelELA.layer3.2.bn2.bias: copying a param with shape torch.Size([512]) from checkpoint, the shape in current model is torch.Size([256]).
	size mismatch for modelELA.layer3.2.bn2.running_mean: copying a param with shape torch.Size([512]) from checkpoint, the shape in current model is torch.Size([256]).
	size mismatch for modelELA.layer3.2.bn2.running_var: copying a param with shape torch.Size([512]) from checkpoint, the shape in current model is torch.Size([256]).
	size mismatch for modelELA.layer3.2.conv3.weight: copying a param with shape torch.Size([1024, 512, 1, 1]) from checkpoint, the shape in current model is torch.Size([1024, 256, 1, 1]).
	size mismatch for modelELA.layer3.3.conv1.weight: copying a param with shape torch.Size([512, 1024, 1, 1]) from checkpoint, the shape in current model is torch.Size([256, 1024, 1, 1]).
	size mismatch for modelELA.layer3.3.bn1.weight: copying a param with shape torch.Size([512]) from checkpoint, the shape in current model is torch.Size([256]).
	size mismatch for modelELA.layer3.3.bn1.bias: copying a param with shape torch.Size([512]) from checkpoint, the shape in current model is torch.Size([256]).
	size mismatch for modelELA.layer3.3.bn1.running_mean: copying a param with shape torch.Size([512]) from checkpoint, the shape in current model is torch.Size([256]).
	size mismatch for modelELA.layer3.3.bn1.running_var: copying a param with shape torch.Size([512]) from checkpoint, the shape in current model is torch.Size([256]).
	size mismatch for modelELA.layer3.3.conv2.weight: copying a param with shape torch.Size([512, 16, 3, 3]) from checkpoint, the shape in current model is torch.Size([256, 256, 3, 3]).
	size mismatch for modelELA.layer3.3.bn2.weight: copying a param with shape torch.Size([512]) from checkpoint, the shape in current model is torch.Size([256]).
	size mismatch for modelELA.layer3.3.bn2.bias: copying a param with shape torch.Size([512]) from checkpoint, the shape in current model is torch.Size([256]).
	size mismatch for modelELA.layer3.3.bn2.running_mean: copying a param with shape torch.Size([512]) from checkpoint, the shape in current model is torch.Size([256]).
	size mismatch for modelELA.layer3.3.bn2.running_var: copying a param with shape torch.Size([512]) from checkpoint, the shape in current model is torch.Size([256]).
	size mismatch for modelELA.layer3.3.conv3.weight: copying a param with shape torch.Size([1024, 512, 1, 1]) from checkpoint, the shape in current model is torch.Size([1024, 256, 1, 1]).
	size mismatch for modelELA.layer3.4.conv1.weight: copying a param with shape torch.Size([512, 1024, 1, 1]) from checkpoint, the shape in current model is torch.Size([256, 1024, 1, 1]).
	size mismatch for modelELA.layer3.4.bn1.weight: copying a param with shape torch.Size([512]) from checkpoint, the shape in current model is torch.Size([256]).
	size mismatch for modelELA.layer3.4.bn1.bias: copying a param with shape torch.Size([512]) from checkpoint, the shape in current model is torch.Size([256]).
	size mismatch for modelELA.layer3.4.bn1.running_mean: copying a param with shape torch.Size([512]) from checkpoint, the shape in current model is torch.Size([256]).
	size mismatch for modelELA.layer3.4.bn1.running_var: copying a param with shape torch.Size([512]) from checkpoint, the shape in current model is torch.Size([256]).
	size mismatch for modelELA.layer3.4.conv2.weight: copying a param with shape torch.Size([512, 16, 3, 3]) from checkpoint, the shape in current model is torch.Size([256, 256, 3, 3]).
	size mismatch for modelELA.layer3.4.bn2.weight: copying a param with shape torch.Size([512]) from checkpoint, the shape in current model is torch.Size([256]).
	size mismatch for modelELA.layer3.4.bn2.bias: copying a param with shape torch.Size([512]) from checkpoint, the shape in current model is torch.Size([256]).
	size mismatch for modelELA.layer3.4.bn2.running_mean: copying a param with shape torch.Size([512]) from checkpoint, the shape in current model is torch.Size([256]).
	size mismatch for modelELA.layer3.4.bn2.running_var: copying a param with shape torch.Size([512]) from checkpoint, the shape in current model is torch.Size([256]).
	size mismatch for modelELA.layer3.4.conv3.weight: copying a param with shape torch.Size([1024, 512, 1, 1]) from checkpoint, the shape in current model is torch.Size([1024, 256, 1, 1]).
	size mismatch for modelELA.layer3.5.conv1.weight: copying a param with shape torch.Size([512, 1024, 1, 1]) from checkpoint, the shape in current model is torch.Size([256, 1024, 1, 1]).
	size mismatch for modelELA.layer3.5.bn1.weight: copying a param with shape torch.Size([512]) from checkpoint, the shape in current model is torch.Size([256]).
	size mismatch for modelELA.layer3.5.bn1.bias: copying a param with shape torch.Size([512]) from checkpoint, the shape in current model is torch.Size([256]).
	size mismatch for modelELA.layer3.5.bn1.running_mean: copying a param with shape torch.Size([512]) from checkpoint, the shape in current model is torch.Size([256]).
	size mismatch for modelELA.layer3.5.bn1.running_var: copying a param with shape torch.Size([512]) from checkpoint, the shape in current model is torch.Size([256]).
	size mismatch for modelELA.layer3.5.conv2.weight: copying a param with shape torch.Size([512, 16, 3, 3]) from checkpoint, the shape in current model is torch.Size([256, 256, 3, 3]).
	size mismatch for modelELA.layer3.5.bn2.weight: copying a param with shape torch.Size([512]) from checkpoint, the shape in current model is torch.Size([256]).
	size mismatch for modelELA.layer3.5.bn2.bias: copying a param with shape torch.Size([512]) from checkpoint, the shape in current model is torch.Size([256]).
	size mismatch for modelELA.layer3.5.bn2.running_mean: copying a param with shape torch.Size([512]) from checkpoint, the shape in current model is torch.Size([256]).
	size mismatch for modelELA.layer3.5.bn2.running_var: copying a param with shape torch.Size([512]) from checkpoint, the shape in current model is torch.Size([256]).
	size mismatch for modelELA.layer3.5.conv3.weight: copying a param with shape torch.Size([1024, 512, 1, 1]) from checkpoint, the shape in current model is torch.Size([1024, 256, 1, 1]).
	size mismatch for modelELA.layer4.0.conv1.weight: copying a param with shape torch.Size([1024, 1024, 1, 1]) from checkpoint, the shape in current model is torch.Size([512, 1024, 1, 1]).
	size mismatch for modelELA.layer4.0.bn1.weight: copying a param with shape torch.Size([1024]) from checkpoint, the shape in current model is torch.Size([512]).
	size mismatch for modelELA.layer4.0.bn1.bias: copying a param with shape torch.Size([1024]) from checkpoint, the shape in current model is torch.Size([512]).
	size mismatch for modelELA.layer4.0.bn1.running_mean: copying a param with shape torch.Size([1024]) from checkpoint, the shape in current model is torch.Size([512]).
	size mismatch for modelELA.layer4.0.bn1.running_var: copying a param with shape torch.Size([1024]) from checkpoint, the shape in current model is torch.Size([512]).
	size mismatch for modelELA.layer4.0.conv2.weight: copying a param with shape torch.Size([1024, 32, 3, 3]) from checkpoint, the shape in current model is torch.Size([512, 512, 3, 3]).
	size mismatch for modelELA.layer4.0.bn2.weight: copying a param with shape torch.Size([1024]) from checkpoint, the shape in current model is torch.Size([512]).
	size mismatch for modelELA.layer4.0.bn2.bias: copying a param with shape torch.Size([1024]) from checkpoint, the shape in current model is torch.Size([512]).
	size mismatch for modelELA.layer4.0.bn2.running_mean: copying a param with shape torch.Size([1024]) from checkpoint, the shape in current model is torch.Size([512]).
	size mismatch for modelELA.layer4.0.bn2.running_var: copying a param with shape torch.Size([1024]) from checkpoint, the shape in current model is torch.Size([512]).
	size mismatch for modelELA.layer4.0.conv3.weight: copying a param with shape torch.Size([2048, 1024, 1, 1]) from checkpoint, the shape in current model is torch.Size([2048, 512, 1, 1]).
	size mismatch for modelELA.layer4.1.conv1.weight: copying a param with shape torch.Size([1024, 2048, 1, 1]) from checkpoint, the shape in current model is torch.Size([512, 2048, 1, 1]).
	size mismatch for modelELA.layer4.1.bn1.weight: copying a param with shape torch.Size([1024]) from checkpoint, the shape in current model is torch.Size([512]).
	size mismatch for modelELA.layer4.1.bn1.bias: copying a param with shape torch.Size([1024]) from checkpoint, the shape in current model is torch.Size([512]).
	size mismatch for modelELA.layer4.1.bn1.running_mean: copying a param with shape torch.Size([1024]) from checkpoint, the shape in current model is torch.Size([512]).
	size mismatch for modelELA.layer4.1.bn1.running_var: copying a param with shape torch.Size([1024]) from checkpoint, the shape in current model is torch.Size([512]).
	size mismatch for modelELA.layer4.1.conv2.weight: copying a param with shape torch.Size([1024, 32, 3, 3]) from checkpoint, the shape in current model is torch.Size([512, 512, 3, 3]).
	size mismatch for modelELA.layer4.1.bn2.weight: copying a param with shape torch.Size([1024]) from checkpoint, the shape in current model is torch.Size([512]).
	size mismatch for modelELA.layer4.1.bn2.bias: copying a param with shape torch.Size([1024]) from checkpoint, the shape in current model is torch.Size([512]).
	size mismatch for modelELA.layer4.1.bn2.running_mean: copying a param with shape torch.Size([1024]) from checkpoint, the shape in current model is torch.Size([512]).
	size mismatch for modelELA.layer4.1.bn2.running_var: copying a param with shape torch.Size([1024]) from checkpoint, the shape in current model is torch.Size([512]).
	size mismatch for modelELA.layer4.1.conv3.weight: copying a param with shape torch.Size([2048, 1024, 1, 1]) from checkpoint, the shape in current model is torch.Size([2048, 512, 1, 1]).
	size mismatch for modelELA.layer4.2.conv1.weight: copying a param with shape torch.Size([1024, 2048, 1, 1]) from checkpoint, the shape in current model is torch.Size([512, 2048, 1, 1]).
	size mismatch for modelELA.layer4.2.bn1.weight: copying a param with shape torch.Size([1024]) from checkpoint, the shape in current model is torch.Size([512]).
	size mismatch for modelELA.layer4.2.bn1.bias: copying a param with shape torch.Size([1024]) from checkpoint, the shape in current model is torch.Size([512]).
	size mismatch for modelELA.layer4.2.bn1.running_mean: copying a param with shape torch.Size([1024]) from checkpoint, the shape in current model is torch.Size([512]).
	size mismatch for modelELA.layer4.2.bn1.running_var: copying a param with shape torch.Size([1024]) from checkpoint, the shape in current model is torch.Size([512]).
	size mismatch for modelELA.layer4.2.conv2.weight: copying a param with shape torch.Size([1024, 32, 3, 3]) from checkpoint, the shape in current model is torch.Size([512, 512, 3, 3]).
	size mismatch for modelELA.layer4.2.bn2.weight: copying a param with shape torch.Size([1024]) from checkpoint, the shape in current model is torch.Size([512]).
	size mismatch for modelELA.layer4.2.bn2.bias: copying a param with shape torch.Size([1024]) from checkpoint, the shape in current model is torch.Size([512]).
	size mismatch for modelELA.layer4.2.bn2.running_mean: copying a param with shape torch.Size([1024]) from checkpoint, the shape in current model is torch.Size([512]).
	size mismatch for modelELA.layer4.2.bn2.running_var: copying a param with shape torch.Size([1024]) from checkpoint, the shape in current model is torch.Size([512]).
	size mismatch for modelELA.layer4.2.conv3.weight: copying a param with shape torch.Size([2048, 1024, 1, 1]) from checkpoint, the shape in current model is torch.Size([2048, 512, 1, 1]).
	size mismatch for modelRGB.layer1.0.conv1.weight: copying a param with shape torch.Size([128, 64, 1, 1]) from checkpoint, the shape in current model is torch.Size([64, 64, 1, 1]).
	size mismatch for modelRGB.layer1.0.bn1.weight: copying a param with shape torch.Size([128]) from checkpoint, the shape in current model is torch.Size([64]).
	size mismatch for modelRGB.layer1.0.bn1.bias: copying a param with shape torch.Size([128]) from checkpoint, the shape in current model is torch.Size([64]).
	size mismatch for modelRGB.layer1.0.bn1.running_mean: copying a param with shape torch.Size([128]) from checkpoint, the shape in current model is torch.Size([64]).
	size mismatch for modelRGB.layer1.0.bn1.running_var: copying a param with shape torch.Size([128]) from checkpoint, the shape in current model is torch.Size([64]).
	size mismatch for modelRGB.layer1.0.conv2.weight: copying a param with shape torch.Size([128, 4, 3, 3]) from checkpoint, the shape in current model is torch.Size([64, 64, 3, 3]).
	size mismatch for modelRGB.layer1.0.bn2.weight: copying a param with shape torch.Size([128]) from checkpoint, the shape in current model is torch.Size([64]).
	size mismatch for modelRGB.layer1.0.bn2.bias: copying a param with shape torch.Size([128]) from checkpoint, the shape in current model is torch.Size([64]).
	size mismatch for modelRGB.layer1.0.bn2.running_mean: copying a param with shape torch.Size([128]) from checkpoint, the shape in current model is torch.Size([64]).
	size mismatch for modelRGB.layer1.0.bn2.running_var: copying a param with shape torch.Size([128]) from checkpoint, the shape in current model is torch.Size([64]).
	size mismatch for modelRGB.layer1.0.conv3.weight: copying a param with shape torch.Size([256, 128, 1, 1]) from checkpoint, the shape in current model is torch.Size([256, 64, 1, 1]).
	size mismatch for modelRGB.layer1.1.conv1.weight: copying a param with shape torch.Size([128, 256, 1, 1]) from checkpoint, the shape in current model is torch.Size([64, 256, 1, 1]).
	size mismatch for modelRGB.layer1.1.bn1.weight: copying a param with shape torch.Size([128]) from checkpoint, the shape in current model is torch.Size([64]).
	size mismatch for modelRGB.layer1.1.bn1.bias: copying a param with shape torch.Size([128]) from checkpoint, the shape in current model is torch.Size([64]).
	size mismatch for modelRGB.layer1.1.bn1.running_mean: copying a param with shape torch.Size([128]) from checkpoint, the shape in current model is torch.Size([64]).
	size mismatch for modelRGB.layer1.1.bn1.running_var: copying a param with shape torch.Size([128]) from checkpoint, the shape in current model is torch.Size([64]).
	size mismatch for modelRGB.layer1.1.conv2.weight: copying a param with shape torch.Size([128, 4, 3, 3]) from checkpoint, the shape in current model is torch.Size([64, 64, 3, 3]).
	size mismatch for modelRGB.layer1.1.bn2.weight: copying a param with shape torch.Size([128]) from checkpoint, the shape in current model is torch.Size([64]).
	size mismatch for modelRGB.layer1.1.bn2.bias: copying a param with shape torch.Size([128]) from checkpoint, the shape in current model is torch.Size([64]).
	size mismatch for modelRGB.layer1.1.bn2.running_mean: copying a param with shape torch.Size([128]) from checkpoint, the shape in current model is torch.Size([64]).
	size mismatch for modelRGB.layer1.1.bn2.running_var: copying a param with shape torch.Size([128]) from checkpoint, the shape in current model is torch.Size([64]).
	size mismatch for modelRGB.layer1.1.conv3.weight: copying a param with shape torch.Size([256, 128, 1, 1]) from checkpoint, the shape in current model is torch.Size([256, 64, 1, 1]).
	size mismatch for modelRGB.layer1.2.conv1.weight: copying a param with shape torch.Size([128, 256, 1, 1]) from checkpoint, the shape in current model is torch.Size([64, 256, 1, 1]).
	size mismatch for modelRGB.layer1.2.bn1.weight: copying a param with shape torch.Size([128]) from checkpoint, the shape in current model is torch.Size([64]).
	size mismatch for modelRGB.layer1.2.bn1.bias: copying a param with shape torch.Size([128]) from checkpoint, the shape in current model is torch.Size([64]).
	size mismatch for modelRGB.layer1.2.bn1.running_mean: copying a param with shape torch.Size([128]) from checkpoint, the shape in current model is torch.Size([64]).
	size mismatch for modelRGB.layer1.2.bn1.running_var: copying a param with shape torch.Size([128]) from checkpoint, the shape in current model is torch.Size([64]).
	size mismatch for modelRGB.layer1.2.conv2.weight: copying a param with shape torch.Size([128, 4, 3, 3]) from checkpoint, the shape in current model is torch.Size([64, 64, 3, 3]).
	size mismatch for modelRGB.layer1.2.bn2.weight: copying a param with shape torch.Size([128]) from checkpoint, the shape in current model is torch.Size([64]).
	size mismatch for modelRGB.layer1.2.bn2.bias: copying a param with shape torch.Size([128]) from checkpoint, the shape in current model is torch.Size([64]).
	size mismatch for modelRGB.layer1.2.bn2.running_mean: copying a param with shape torch.Size([128]) from checkpoint, the shape in current model is torch.Size([64]).
	size mismatch for modelRGB.layer1.2.bn2.running_var: copying a param with shape torch.Size([128]) from checkpoint, the shape in current model is torch.Size([64]).
	size mismatch for modelRGB.layer1.2.conv3.weight: copying a param with shape torch.Size([256, 128, 1, 1]) from checkpoint, the shape in current model is torch.Size([256, 64, 1, 1]).
	size mismatch for modelRGB.layer2.0.conv1.weight: copying a param with shape torch.Size([256, 256, 1, 1]) from checkpoint, the shape in current model is torch.Size([128, 256, 1, 1]).
	size mismatch for modelRGB.layer2.0.bn1.weight: copying a param with shape torch.Size([256]) from checkpoint, the shape in current model is torch.Size([128]).
	size mismatch for modelRGB.layer2.0.bn1.bias: copying a param with shape torch.Size([256]) from checkpoint, the shape in current model is torch.Size([128]).
	size mismatch for modelRGB.layer2.0.bn1.running_mean: copying a param with shape torch.Size([256]) from checkpoint, the shape in current model is torch.Size([128]).
	size mismatch for modelRGB.layer2.0.bn1.running_var: copying a param with shape torch.Size([256]) from checkpoint, the shape in current model is torch.Size([128]).
	size mismatch for modelRGB.layer2.0.conv2.weight: copying a param with shape torch.Size([256, 8, 3, 3]) from checkpoint, the shape in current model is torch.Size([128, 128, 3, 3]).
	size mismatch for modelRGB.layer2.0.bn2.weight: copying a param with shape torch.Size([256]) from checkpoint, the shape in current model is torch.Size([128]).
	size mismatch for modelRGB.layer2.0.bn2.bias: copying a param with shape torch.Size([256]) from checkpoint, the shape in current model is torch.Size([128]).
	size mismatch for modelRGB.layer2.0.bn2.running_mean: copying a param with shape torch.Size([256]) from checkpoint, the shape in current model is torch.Size([128]).
	size mismatch for modelRGB.layer2.0.bn2.running_var: copying a param with shape torch.Size([256]) from checkpoint, the shape in current model is torch.Size([128]).
	size mismatch for modelRGB.layer2.0.conv3.weight: copying a param with shape torch.Size([512, 256, 1, 1]) from checkpoint, the shape in current model is torch.Size([512, 128, 1, 1]).
	size mismatch for modelRGB.layer2.1.conv1.weight: copying a param with shape torch.Size([256, 512, 1, 1]) from checkpoint, the shape in current model is torch.Size([128, 512, 1, 1]).
	size mismatch for modelRGB.layer2.1.bn1.weight: copying a param with shape torch.Size([256]) from checkpoint, the shape in current model is torch.Size([128]).
	size mismatch for modelRGB.layer2.1.bn1.bias: copying a param with shape torch.Size([256]) from checkpoint, the shape in current model is torch.Size([128]).
	size mismatch for modelRGB.layer2.1.bn1.running_mean: copying a param with shape torch.Size([256]) from checkpoint, the shape in current model is torch.Size([128]).
	size mismatch for modelRGB.layer2.1.bn1.running_var: copying a param with shape torch.Size([256]) from checkpoint, the shape in current model is torch.Size([128]).
	size mismatch for modelRGB.layer2.1.conv2.weight: copying a param with shape torch.Size([256, 8, 3, 3]) from checkpoint, the shape in current model is torch.Size([128, 128, 3, 3]).
	size mismatch for modelRGB.layer2.1.bn2.weight: copying a param with shape torch.Size([256]) from checkpoint, the shape in current model is torch.Size([128]).
	size mismatch for modelRGB.layer2.1.bn2.bias: copying a param with shape torch.Size([256]) from checkpoint, the shape in current model is torch.Size([128]).
	size mismatch for modelRGB.layer2.1.bn2.running_mean: copying a param with shape torch.Size([256]) from checkpoint, the shape in current model is torch.Size([128]).
	size mismatch for modelRGB.layer2.1.bn2.running_var: copying a param with shape torch.Size([256]) from checkpoint, the shape in current model is torch.Size([128]).
	size mismatch for modelRGB.layer2.1.conv3.weight: copying a param with shape torch.Size([512, 256, 1, 1]) from checkpoint, the shape in current model is torch.Size([512, 128, 1, 1]).
	size mismatch for modelRGB.layer2.2.conv1.weight: copying a param with shape torch.Size([256, 512, 1, 1]) from checkpoint, the shape in current model is torch.Size([128, 512, 1, 1]).
	size mismatch for modelRGB.layer2.2.bn1.weight: copying a param with shape torch.Size([256]) from checkpoint, the shape in current model is torch.Size([128]).
	size mismatch for modelRGB.layer2.2.bn1.bias: copying a param with shape torch.Size([256]) from checkpoint, the shape in current model is torch.Size([128]).
	size mismatch for modelRGB.layer2.2.bn1.running_mean: copying a param with shape torch.Size([256]) from checkpoint, the shape in current model is torch.Size([128]).
	size mismatch for modelRGB.layer2.2.bn1.running_var: copying a param with shape torch.Size([256]) from checkpoint, the shape in current model is torch.Size([128]).
	size mismatch for modelRGB.layer2.2.conv2.weight: copying a param with shape torch.Size([256, 8, 3, 3]) from checkpoint, the shape in current model is torch.Size([128, 128, 3, 3]).
	size mismatch for modelRGB.layer2.2.bn2.weight: copying a param with shape torch.Size([256]) from checkpoint, the shape in current model is torch.Size([128]).
	size mismatch for modelRGB.layer2.2.bn2.bias: copying a param with shape torch.Size([256]) from checkpoint, the shape in current model is torch.Size([128]).
	size mismatch for modelRGB.layer2.2.bn2.running_mean: copying a param with shape torch.Size([256]) from checkpoint, the shape in current model is torch.Size([128]).
	size mismatch for modelRGB.layer2.2.bn2.running_var: copying a param with shape torch.Size([256]) from checkpoint, the shape in current model is torch.Size([128]).
	size mismatch for modelRGB.layer2.2.conv3.weight: copying a param with shape torch.Size([512, 256, 1, 1]) from checkpoint, the shape in current model is torch.Size([512, 128, 1, 1]).
	size mismatch for modelRGB.layer2.3.conv1.weight: copying a param with shape torch.Size([256, 512, 1, 1]) from checkpoint, the shape in current model is torch.Size([128, 512, 1, 1]).
	size mismatch for modelRGB.layer2.3.bn1.weight: copying a param with shape torch.Size([256]) from checkpoint, the shape in current model is torch.Size([128]).
	size mismatch for modelRGB.layer2.3.bn1.bias: copying a param with shape torch.Size([256]) from checkpoint, the shape in current model is torch.Size([128]).
	size mismatch for modelRGB.layer2.3.bn1.running_mean: copying a param with shape torch.Size([256]) from checkpoint, the shape in current model is torch.Size([128]).
	size mismatch for modelRGB.layer2.3.bn1.running_var: copying a param with shape torch.Size([256]) from checkpoint, the shape in current model is torch.Size([128]).
	size mismatch for modelRGB.layer2.3.conv2.weight: copying a param with shape torch.Size([256, 8, 3, 3]) from checkpoint, the shape in current model is torch.Size([128, 128, 3, 3]).
	size mismatch for modelRGB.layer2.3.bn2.weight: copying a param with shape torch.Size([256]) from checkpoint, the shape in current model is torch.Size([128]).
	size mismatch for modelRGB.layer2.3.bn2.bias: copying a param with shape torch.Size([256]) from checkpoint, the shape in current model is torch.Size([128]).
	size mismatch for modelRGB.layer2.3.bn2.running_mean: copying a param with shape torch.Size([256]) from checkpoint, the shape in current model is torch.Size([128]).
	size mismatch for modelRGB.layer2.3.bn2.running_var: copying a param with shape torch.Size([256]) from checkpoint, the shape in current model is torch.Size([128]).
	size mismatch for modelRGB.layer2.3.conv3.weight: copying a param with shape torch.Size([512, 256, 1, 1]) from checkpoint, the shape in current model is torch.Size([512, 128, 1, 1]).
	size mismatch for modelRGB.layer3.0.conv1.weight: copying a param with shape torch.Size([512, 512, 1, 1]) from checkpoint, the shape in current model is torch.Size([256, 512, 1, 1]).
	size mismatch for modelRGB.layer3.0.bn1.weight: copying a param with shape torch.Size([512]) from checkpoint, the shape in current model is torch.Size([256]).
	size mismatch for modelRGB.layer3.0.bn1.bias: copying a param with shape torch.Size([512]) from checkpoint, the shape in current model is torch.Size([256]).
	size mismatch for modelRGB.layer3.0.bn1.running_mean: copying a param with shape torch.Size([512]) from checkpoint, the shape in current model is torch.Size([256]).
	size mismatch for modelRGB.layer3.0.bn1.running_var: copying a param with shape torch.Size([512]) from checkpoint, the shape in current model is torch.Size([256]).
	size mismatch for modelRGB.layer3.0.conv2.weight: copying a param with shape torch.Size([512, 16, 3, 3]) from checkpoint, the shape in current model is torch.Size([256, 256, 3, 3]).
	size mismatch for modelRGB.layer3.0.bn2.weight: copying a param with shape torch.Size([512]) from checkpoint, the shape in current model is torch.Size([256]).
	size mismatch for modelRGB.layer3.0.bn2.bias: copying a param with shape torch.Size([512]) from checkpoint, the shape in current model is torch.Size([256]).
	size mismatch for modelRGB.layer3.0.bn2.running_mean: copying a param with shape torch.Size([512]) from checkpoint, the shape in current model is torch.Size([256]).
	size mismatch for modelRGB.layer3.0.bn2.running_var: copying a param with shape torch.Size([512]) from checkpoint, the shape in current model is torch.Size([256]).
	size mismatch for modelRGB.layer3.0.conv3.weight: copying a param with shape torch.Size([1024, 512, 1, 1]) from checkpoint, the shape in current model is torch.Size([1024, 256, 1, 1]).
	size mismatch for modelRGB.layer3.1.conv1.weight: copying a param with shape torch.Size([512, 1024, 1, 1]) from checkpoint, the shape in current model is torch.Size([256, 1024, 1, 1]).
	size mismatch for modelRGB.layer3.1.bn1.weight: copying a param with shape torch.Size([512]) from checkpoint, the shape in current model is torch.Size([256]).
	size mismatch for modelRGB.layer3.1.bn1.bias: copying a param with shape torch.Size([512]) from checkpoint, the shape in current model is torch.Size([256]).
	size mismatch for modelRGB.layer3.1.bn1.running_mean: copying a param with shape torch.Size([512]) from checkpoint, the shape in current model is torch.Size([256]).
	size mismatch for modelRGB.layer3.1.bn1.running_var: copying a param with shape torch.Size([512]) from checkpoint, the shape in current model is torch.Size([256]).
	size mismatch for modelRGB.layer3.1.conv2.weight: copying a param with shape torch.Size([512, 16, 3, 3]) from checkpoint, the shape in current model is torch.Size([256, 256, 3, 3]).
	size mismatch for modelRGB.layer3.1.bn2.weight: copying a param with shape torch.Size([512]) from checkpoint, the shape in current model is torch.Size([256]).
	size mismatch for modelRGB.layer3.1.bn2.bias: copying a param with shape torch.Size([512]) from checkpoint, the shape in current model is torch.Size([256]).
	size mismatch for modelRGB.layer3.1.bn2.running_mean: copying a param with shape torch.Size([512]) from checkpoint, the shape in current model is torch.Size([256]).
	size mismatch for modelRGB.layer3.1.bn2.running_var: copying a param with shape torch.Size([512]) from checkpoint, the shape in current model is torch.Size([256]).
	size mismatch for modelRGB.layer3.1.conv3.weight: copying a param with shape torch.Size([1024, 512, 1, 1]) from checkpoint, the shape in current model is torch.Size([1024, 256, 1, 1]).
	size mismatch for modelRGB.layer3.2.conv1.weight: copying a param with shape torch.Size([512, 1024, 1, 1]) from checkpoint, the shape in current model is torch.Size([256, 1024, 1, 1]).
	size mismatch for modelRGB.layer3.2.bn1.weight: copying a param with shape torch.Size([512]) from checkpoint, the shape in current model is torch.Size([256]).
	size mismatch for modelRGB.layer3.2.bn1.bias: copying a param with shape torch.Size([512]) from checkpoint, the shape in current model is torch.Size([256]).
	size mismatch for modelRGB.layer3.2.bn1.running_mean: copying a param with shape torch.Size([512]) from checkpoint, the shape in current model is torch.Size([256]).
	size mismatch for modelRGB.layer3.2.bn1.running_var: copying a param with shape torch.Size([512]) from checkpoint, the shape in current model is torch.Size([256]).
	size mismatch for modelRGB.layer3.2.conv2.weight: copying a param with shape torch.Size([512, 16, 3, 3]) from checkpoint, the shape in current model is torch.Size([256, 256, 3, 3]).
	size mismatch for modelRGB.layer3.2.bn2.weight: copying a param with shape torch.Size([512]) from checkpoint, the shape in current model is torch.Size([256]).
	size mismatch for modelRGB.layer3.2.bn2.bias: copying a param with shape torch.Size([512]) from checkpoint, the shape in current model is torch.Size([256]).
	size mismatch for modelRGB.layer3.2.bn2.running_mean: copying a param with shape torch.Size([512]) from checkpoint, the shape in current model is torch.Size([256]).
	size mismatch for modelRGB.layer3.2.bn2.running_var: copying a param with shape torch.Size([512]) from checkpoint, the shape in current model is torch.Size([256]).
	size mismatch for modelRGB.layer3.2.conv3.weight: copying a param with shape torch.Size([1024, 512, 1, 1]) from checkpoint, the shape in current model is torch.Size([1024, 256, 1, 1]).
	size mismatch for modelRGB.layer3.3.conv1.weight: copying a param with shape torch.Size([512, 1024, 1, 1]) from checkpoint, the shape in current model is torch.Size([256, 1024, 1, 1]).
	size mismatch for modelRGB.layer3.3.bn1.weight: copying a param with shape torch.Size([512]) from checkpoint, the shape in current model is torch.Size([256]).
	size mismatch for modelRGB.layer3.3.bn1.bias: copying a param with shape torch.Size([512]) from checkpoint, the shape in current model is torch.Size([256]).
	size mismatch for modelRGB.layer3.3.bn1.running_mean: copying a param with shape torch.Size([512]) from checkpoint, the shape in current model is torch.Size([256]).
	size mismatch for modelRGB.layer3.3.bn1.running_var: copying a param with shape torch.Size([512]) from checkpoint, the shape in current model is torch.Size([256]).
	size mismatch for modelRGB.layer3.3.conv2.weight: copying a param with shape torch.Size([512, 16, 3, 3]) from checkpoint, the shape in current model is torch.Size([256, 256, 3, 3]).
	size mismatch for modelRGB.layer3.3.bn2.weight: copying a param with shape torch.Size([512]) from checkpoint, the shape in current model is torch.Size([256]).
	size mismatch for modelRGB.layer3.3.bn2.bias: copying a param with shape torch.Size([512]) from checkpoint, the shape in current model is torch.Size([256]).
	size mismatch for modelRGB.layer3.3.bn2.running_mean: copying a param with shape torch.Size([512]) from checkpoint, the shape in current model is torch.Size([256]).
	size mismatch for modelRGB.layer3.3.bn2.running_var: copying a param with shape torch.Size([512]) from checkpoint, the shape in current model is torch.Size([256]).
	size mismatch for modelRGB.layer3.3.conv3.weight: copying a param with shape torch.Size([1024, 512, 1, 1]) from checkpoint, the shape in current model is torch.Size([1024, 256, 1, 1]).
	size mismatch for modelRGB.layer3.4.conv1.weight: copying a param with shape torch.Size([512, 1024, 1, 1]) from checkpoint, the shape in current model is torch.Size([256, 1024, 1, 1]).
	size mismatch for modelRGB.layer3.4.bn1.weight: copying a param with shape torch.Size([512]) from checkpoint, the shape in current model is torch.Size([256]).
	size mismatch for modelRGB.layer3.4.bn1.bias: copying a param with shape torch.Size([512]) from checkpoint, the shape in current model is torch.Size([256]).
	size mismatch for modelRGB.layer3.4.bn1.running_mean: copying a param with shape torch.Size([512]) from checkpoint, the shape in current model is torch.Size([256]).
	size mismatch for modelRGB.layer3.4.bn1.running_var: copying a param with shape torch.Size([512]) from checkpoint, the shape in current model is torch.Size([256]).
	size mismatch for modelRGB.layer3.4.conv2.weight: copying a param with shape torch.Size([512, 16, 3, 3]) from checkpoint, the shape in current model is torch.Size([256, 256, 3, 3]).
	size mismatch for modelRGB.layer3.4.bn2.weight: copying a param with shape torch.Size([512]) from checkpoint, the shape in current model is torch.Size([256]).
	size mismatch for modelRGB.layer3.4.bn2.bias: copying a param with shape torch.Size([512]) from checkpoint, the shape in current model is torch.Size([256]).
	size mismatch for modelRGB.layer3.4.bn2.running_mean: copying a param with shape torch.Size([512]) from checkpoint, the shape in current model is torch.Size([256]).
	size mismatch for modelRGB.layer3.4.bn2.running_var: copying a param with shape torch.Size([512]) from checkpoint, the shape in current model is torch.Size([256]).
	size mismatch for modelRGB.layer3.4.conv3.weight: copying a param with shape torch.Size([1024, 512, 1, 1]) from checkpoint, the shape in current model is torch.Size([1024, 256, 1, 1]).
	size mismatch for modelRGB.layer3.5.conv1.weight: copying a param with shape torch.Size([512, 1024, 1, 1]) from checkpoint, the shape in current model is torch.Size([256, 1024, 1, 1]).
	size mismatch for modelRGB.layer3.5.bn1.weight: copying a param with shape torch.Size([512]) from checkpoint, the shape in current model is torch.Size([256]).
	size mismatch for modelRGB.layer3.5.bn1.bias: copying a param with shape torch.Size([512]) from checkpoint, the shape in current model is torch.Size([256]).
	size mismatch for modelRGB.layer3.5.bn1.running_mean: copying a param with shape torch.Size([512]) from checkpoint, the shape in current model is torch.Size([256]).
	size mismatch for modelRGB.layer3.5.bn1.running_var: copying a param with shape torch.Size([512]) from checkpoint, the shape in current model is torch.Size([256]).
	size mismatch for modelRGB.layer3.5.conv2.weight: copying a param with shape torch.Size([512, 16, 3, 3]) from checkpoint, the shape in current model is torch.Size([256, 256, 3, 3]).
	size mismatch for modelRGB.layer3.5.bn2.weight: copying a param with shape torch.Size([512]) from checkpoint, the shape in current model is torch.Size([256]).
	size mismatch for modelRGB.layer3.5.bn2.bias: copying a param with shape torch.Size([512]) from checkpoint, the shape in current model is torch.Size([256]).
	size mismatch for modelRGB.layer3.5.bn2.running_mean: copying a param with shape torch.Size([512]) from checkpoint, the shape in current model is torch.Size([256]).
	size mismatch for modelRGB.layer3.5.bn2.running_var: copying a param with shape torch.Size([512]) from checkpoint, the shape in current model is torch.Size([256]).
	size mismatch for modelRGB.layer3.5.conv3.weight: copying a param with shape torch.Size([1024, 512, 1, 1]) from checkpoint, the shape in current model is torch.Size([1024, 256, 1, 1]).
	size mismatch for modelRGB.layer4.0.conv1.weight: copying a param with shape torch.Size([1024, 1024, 1, 1]) from checkpoint, the shape in current model is torch.Size([512, 1024, 1, 1]).
	size mismatch for modelRGB.layer4.0.bn1.weight: copying a param with shape torch.Size([1024]) from checkpoint, the shape in current model is torch.Size([512]).
	size mismatch for modelRGB.layer4.0.bn1.bias: copying a param with shape torch.Size([1024]) from checkpoint, the shape in current model is torch.Size([512]).
	size mismatch for modelRGB.layer4.0.bn1.running_mean: copying a param with shape torch.Size([1024]) from checkpoint, the shape in current model is torch.Size([512]).
	size mismatch for modelRGB.layer4.0.bn1.running_var: copying a param with shape torch.Size([1024]) from checkpoint, the shape in current model is torch.Size([512]).
	size mismatch for modelRGB.layer4.0.conv2.weight: copying a param with shape torch.Size([1024, 32, 3, 3]) from checkpoint, the shape in current model is torch.Size([512, 512, 3, 3]).
	size mismatch for modelRGB.layer4.0.bn2.weight: copying a param with shape torch.Size([1024]) from checkpoint, the shape in current model is torch.Size([512]).
	size mismatch for modelRGB.layer4.0.bn2.bias: copying a param with shape torch.Size([1024]) from checkpoint, the shape in current model is torch.Size([512]).
	size mismatch for modelRGB.layer4.0.bn2.running_mean: copying a param with shape torch.Size([1024]) from checkpoint, the shape in current model is torch.Size([512]).
	size mismatch for modelRGB.layer4.0.bn2.running_var: copying a param with shape torch.Size([1024]) from checkpoint, the shape in current model is torch.Size([512]).
	size mismatch for modelRGB.layer4.0.conv3.weight: copying a param with shape torch.Size([2048, 1024, 1, 1]) from checkpoint, the shape in current model is torch.Size([2048, 512, 1, 1]).
	size mismatch for modelRGB.layer4.1.conv1.weight: copying a param with shape torch.Size([1024, 2048, 1, 1]) from checkpoint, the shape in current model is torch.Size([512, 2048, 1, 1]).
	size mismatch for modelRGB.layer4.1.bn1.weight: copying a param with shape torch.Size([1024]) from checkpoint, the shape in current model is torch.Size([512]).
	size mismatch for modelRGB.layer4.1.bn1.bias: copying a param with shape torch.Size([1024]) from checkpoint, the shape in current model is torch.Size([512]).
	size mismatch for modelRGB.layer4.1.bn1.running_mean: copying a param with shape torch.Size([1024]) from checkpoint, the shape in current model is torch.Size([512]).
	size mismatch for modelRGB.layer4.1.bn1.running_var: copying a param with shape torch.Size([1024]) from checkpoint, the shape in current model is torch.Size([512]).
	size mismatch for modelRGB.layer4.1.conv2.weight: copying a param with shape torch.Size([1024, 32, 3, 3]) from checkpoint, the shape in current model is torch.Size([512, 512, 3, 3]).
	size mismatch for modelRGB.layer4.1.bn2.weight: copying a param with shape torch.Size([1024]) from checkpoint, the shape in current model is torch.Size([512]).
	size mismatch for modelRGB.layer4.1.bn2.bias: copying a param with shape torch.Size([1024]) from checkpoint, the shape in current model is torch.Size([512]).
	size mismatch for modelRGB.layer4.1.bn2.running_mean: copying a param with shape torch.Size([1024]) from checkpoint, the shape in current model is torch.Size([512]).
	size mismatch for modelRGB.layer4.1.bn2.running_var: copying a param with shape torch.Size([1024]) from checkpoint, the shape in current model is torch.Size([512]).
	size mismatch for modelRGB.layer4.1.conv3.weight: copying a param with shape torch.Size([2048, 1024, 1, 1]) from checkpoint, the shape in current model is torch.Size([2048, 512, 1, 1]).
	size mismatch for modelRGB.layer4.2.conv1.weight: copying a param with shape torch.Size([1024, 2048, 1, 1]) from checkpoint, the shape in current model is torch.Size([512, 2048, 1, 1]).
	size mismatch for modelRGB.layer4.2.bn1.weight: copying a param with shape torch.Size([1024]) from checkpoint, the shape in current model is torch.Size([512]).
	size mismatch for modelRGB.layer4.2.bn1.bias: copying a param with shape torch.Size([1024]) from checkpoint, the shape in current model is torch.Size([512]).
	size mismatch for modelRGB.layer4.2.bn1.running_mean: copying a param with shape torch.Size([1024]) from checkpoint, the shape in current model is torch.Size([512]).
	size mismatch for modelRGB.layer4.2.bn1.running_var: copying a param with shape torch.Size([1024]) from checkpoint, the shape in current model is torch.Size([512]).
	size mismatch for modelRGB.layer4.2.conv2.weight: copying a param with shape torch.Size([1024, 32, 3, 3]) from checkpoint, the shape in current model is torch.Size([512, 512, 3, 3]).
	size mismatch for modelRGB.layer4.2.bn2.weight: copying a param with shape torch.Size([1024]) from checkpoint, the shape in current model is torch.Size([512]).
	size mismatch for modelRGB.layer4.2.bn2.bias: copying a param with shape torch.Size([1024]) from checkpoint, the shape in current model is torch.Size([512]).
	size mismatch for modelRGB.layer4.2.bn2.running_mean: copying a param with shape torch.Size([1024]) from checkpoint, the shape in current model is torch.Size([512]).
	size mismatch for modelRGB.layer4.2.bn2.running_var: copying a param with shape torch.Size([1024]) from checkpoint, the shape in current model is torch.Size([512]).
	size mismatch for modelRGB.layer4.2.conv3.weight: copying a param with shape torch.Size([2048, 1024, 1, 1]) from checkpoint, the shape in current model is torch.Size([2048, 512, 1, 1]).
